// Jest Snapshot v1, https://goo.gl/fbAQLP

exports[`LinkList.vue Desktop Render default contents 1`] = `
<ul>
  <li title="nwjs.io">
    <a href="#">
      Site
    </a>
  </li>
</ul>
`;

exports[`LinkList.vue Web Render default contents 1`] = `
<ul>
  <li title="nwjs.io">
    <a href="#">
      Site
    </a>
  </li>
</ul>
`;
